I'm sorry, but errors were detected in your script. Please correct the
errors listed below, and try again.


File "game/script.rpy", line 435: Line is indented, but the preceding say statement statement does not expect a block. Please check this line's indentation. You may have forgotten a colon (:).
    label event4_3: 
    ^

Ren'Py Version: Ren'Py 8.1.0.23051307
Mon Jun  5 15:57:03 2023
